SQL> set echo on
SQL> set feedback on
SQL> Set serveroutput on

SQL> BEGIN
  2  dbms_output.put_line('Sergio Sanchez');
  3  
  4  END;
  5  /
Sergio Sanchez
                                                     

PL/SQL procedure successfully completed.

SQL> CREATE PACKAGE prueba IS
  2  
  3  	 TYPE student_rec_type IS RECORD (
  4  	     student_name students.student_name%TYPE,
  5  	     status students.status%TYPE);
  6  
  7  	 PROCEDURE get_student
  8  	     (stud_id  IN students.student_id%TYPE
  9  	      stud_rec OUT student_rec_type);
 10  
 11  	 FUNCTION student
 12  	     (stud_id  IN students.student_id%TYPE)
 13  	 RETURN student_rec_type;
 14  END prueba;
 15  /
CREATE PACKAGE prueba IS
               *
ERROR at line 1:
ORA-00955: name is already used by an existing object 


SQL> PROCEDURE add_student
SP2-0734: unknown command beginning "PROCEDURE ..." - rest of line ignored.
SQL> (v_student_name   IN  students.student_name%TYPE,
  2   v_college_major  IN  students.college_major%TYPE,
  3   v_status	       IN  students.status%TYPE,
  4   v_state	       IN  students.state%TYPE DEFAULT NULL,
  5   v_license_no     IN  students.license_no%TYPE DEFAULT NULL);
(v_student_name   IN  students.student_name%TYPE,
 *
ERROR at line 1:
ORA-00928: missing SELECT keyword 


SQL> /
(v_student_name   IN  students.student_name%TYPE,
 *
ERROR at line 1:
ORA-00928: missing SELECT keyword 


SQL> students_pkg.add_student("yolo", "LIC", 1);
SP2-0734: unknown command beginning "students_p..." - rest of line ignored.


SQL> spool off
