SQL> set echo on
SQL> set feedback on
SQL> Set serveroutput on
SQL> CREATE TABLE TEMP(X NUMBER, Y NUMBER, Z NUMBER DEFAULT 5);
CREATE TABLE TEMP(X NUMBER, Y NUMBER, Z NUMBER DEFAULT 5)
             *
ERROR at line 1:
ORA-00955: name is already used by an existing object 


SQL> CREATE OR REPLACE TRIGGER temp_aiur
  2  AFTER INSERT OR UPDATE OF Y ON TEMP
  3  FOR EACH ROW
  4  WHEN (OLD.Y IS NULL and NEW.Y IS NOT NULL
  5  	   OR NEW.X BETWEEN 1 AND 10)
  6  BEGIN
  7  	 CASE
  8  	 WHEN inserting THEN
  9  	     dbms_output.put_line('X := '||:new.x);
 10  	 WHEN updating THEN
 11  	    dbms_output.put_line
 12  	       ('Y is reset from NULL');
 13  	 END CASE;
 14  END;
 15  /

Trigger created.

SQL> BEGIN
  2  dbms_output.put_line('Sergio Sanchez');
  3  
  4  END;
  5  /
Sergio Sanchez
                                                           

PL/SQL procedure successfully completed.

SQL> INSERT into temp (x,y)values(5,1);
X := 5                                                                          

1 row created.

SQL> INSERT into temp (x,y)values(1,1);
X := 1                                                                          

1 row created.

SQL> INSERT into temp (x,y)values(2,1);
X := 2                                                                          

1 row created.

SQL> spool off
